logic__174: 
logic__78: 
m04_couplers_imp_Y7VWKU: 
datapath__11: 
logic__135: 
logic__197: 
case__2: 
logic__182: 
logic__278: 
case__54: 
datapath__17: 
reg__19: 
logic__32: 
logic__16: 
logic__284: 
datapath__30: 
counter__1: 
case__52: 
logic__150: 
case__7: 
dsp48e1: 
reg__3: 
mb_usb: 
datapath__75: 
reg__1: 
case__36: 
datapath__105: 
logic__114: 
dsp48e1__8: 
case__18: 
datapath__81: 
reg__16: 
logic__66: 
dsp48e1__16: 
case__25: 
datapath__13: 
counter: 
datapath__91: 
mb_usb_hdmi_top: 
xlconcat_v2_1_4_xlconcat: 
datapath__47: 
logic__236: 
logic__160: 
logic__276: 
reg: 
logic__198: 
reg__23: 
dsp48e1__12: 
case__39: 
logic__200: 
logic__94: 
datapath__97: 
case__17: 
logic__11: 
datapath__103: 
datapath__10: 
sync_debounce: 
counter__4: 
datapath__71: 
reg__20: 
logic__49: 
case__28: 
datapath__96: 
logic__81: 
datapath__57: 
reg__32: 
logic__259: 
reg__7: 
logic__209: 
case__32: 
dsp48e1__15: 
logic__1: 
logic__110: 
logic__22: 
logic__98: 
case__20: 
dsp48e1__5: 
logic__48: 
datapath__70: 
dsp48e1__19: 
reg__21: 
reg__31: 
logic__217: 
logic__93: 
bg_palette: 
logic__207: 
logic__65: 
logic__115: 
case__35: 
datapath__33: 
logic__161: 
reg__11: 
case__14: 
logic__194: 
datapath__100: 
keep: 
datapath__50: 
dsp48e1__1: 
case__42: 
datapath__107: 
datapath__6: 
datapath__21: 
reg__27: 
logic__171: 
muxpart__11: 
m03_couplers_imp_11D4JQ3: 
logic__152: 
logic__18: 
logic__219: 
datapath__101: 
datapath__77: 
reg__5: 
dsp48e1__28: 
reg__17: 
datapath__48: 
microblaze_0_local_memory_imp_4XV58R: 
logic__99: 
logic__167: 
muxpart__5: 
rom: 
logic__156: 
case__38: 
datapath__39: 
datapath__4: 
case__45: 
reg__29: 
dsp48e1__17: 
reg__13: 
datapath__23: 
datapath__29: 
reg__30: 
logic__277: 
datapath__66: 
case__37: 
muxpart__3: 
datapath__32: 
case__44: 
datapath__34: 
datapath__92: 
logic__192: 
m01_couplers_imp_ADY9K: 
logic__60: 
datapath__18: 
datapath__85: 
vga_controller: 
logic__124: 
case__22: 
datapath__73: 
logic__232: 
datapath__80: 
logic__193: 
logic__24: 
logic__17: 
case__29: 
s00_couplers_imp_16FJ1YW: 
logic__136: 
logic__103: 
case__15: 
logic__140: 
datapath__74: 
counter__2: 
datapath__90: 
logic__84: 
case__10: 
case__4: 
reg__15: 
logic__100: 
datapath__65: 
dsp48e1__2: 
datapath__102: 
datapath__67: 
reg__24: 
datapath__16: 
datapath__104: 
datapath__60: 
dsp48e1__23: 
logic__231: 
keep__2: 
reg__2: 
dsp48e1__29: 
datapath__83: 
dsp48e1__6: 
datapath__98: 
logic__195: 
mb_usb_xlconcat_0_0: 
extrom__1: 
logic__252: 
logic__244: 
datapath__53: 
logic__83: 
logic__120: 
logic__15: 
datapath__56: 
dsp48e1__14: 
extrom__2: 
logic__26: 
muxpart__7: 
case__21: 
logic__287: 
reg__18: 
dsp48e1__24: 
muxpart__9: 
case__49: 
datapath__31: 
m05_couplers_imp_1N5X0ZJ: 
logic__208: 
reg__10: 
datapath__1: 
logic__199: 
reg__25: 
logic__59: 
dsp48e1__3: 
logic__64: 
logic__141: 
sound: 
logic__256: 
case__8: 
logic__247: 
datapath__108: 
dsp48e1__21: 
logic__104: 
dsp48e1__26: 
datapath__95: 
reg__22: 
logic__227: 
case__23: 
case__56: 
datapath__5: 
datapath__26: 
m02_couplers_imp_BB516Y: 
logic__89: 
logic__177: 
datapath__8: 
logic__29: 
logic__109: 
datapath__55: 
logic__119: 
logic__56: 
case__13: 
muxpart__10: 
datapath__79: 
datapath__27: 
case__27: 
logic__130: 
case__31: 
logic__145: 
datapath__89: 
case__57: 
datapath__94: 
signinv__2: 
logic__172: 
datapath__61: 
cursor_impl: 
case__59: 
logic__71: 
keep__1: 
datapath__112: 
datapath__106: 
logic__251: 
datapath__25: 
datapath__111: 
datapath__78: 
dsp48e1__4: 
mb_usb_microblaze_0_axi_periph_0: 
case__19: 
datapath__99: 
datapath__82: 
reg__9: 
logic__107: 
reg__26: 
logic__285: 
datapath__86: 
datapath__40: 
m06_couplers_imp_1Y6O2J1: 
case__1: 
logic__213: 
case__24: 
logic__280: 
m00_couplers_imp_1CNVJ1L: 
case__11: 
case: 
logic__255: 
logic__53: 
case__5: 
muxpart__1: 
datapath__76: 
datapath__88: 
datapath: 
case__30: 
case__55: 
datapath__37: 
datapath__62: 
datapath__64: 
logic__223: 
logic__129: 
muxpart__12: 
datapath__45: 
case__58: 
logic: 
datapath__84: 
muxpart__4: 
case__47: 
case__53: 
reg__28: 
dsp48e1__7: 
logic__248: 
datapath__2: 
datapath__87: 
datapath__49: 
datapath__14: 
logic__237: 
datapath__41: 
logic__265: 
datapath__3: 
datapath__54: 
logic__28: 
reg__12: 
logic__77: 
signinv__1: 
logic__30: 
dsp48e1__11: 
datapath__36: 
sine: 
logic__108: 
datapath__12: 
datapath__59: 
case__43: 
datapath__38: 
datapath__109: 
logic__204: 
muxpart__8: 
counter__3: 
logic__125: 
case__60: 
reg__4: 
logic__149: 
case__41: 
datapath__9: 
datapath__69: 
case__61: 
logic__183: 
case__26: 
dsp48e1__13: 
dsp48e1__22: 
datapath__15: 
logic__279: 
case__46: 
datapath__52: 
datapath__35: 
logic__142: 
reg__14: 
logic__291: 
datapath__28: 
logic__162: 
dsp48e1__18: 
datapath__110: 
dsp48e1__27: 
dsp48e1__25: 
case__33: 
lasers_example: 
dsp48e1__20: 
muxpart__6: 
logic__128: 
logic__43: 
logic__39: 
logic__170: 
datapath__93: 
case__48: 
logic__2: 
case__16: 
logic__6: 
datapath__19: 
datapath__20: 
keep__3: 
logic__151: 
datapath__72: 
muxpart: 
datapath__7: 
hex_driver: 
muxpart__2: 
dsp48e1__10: 
datapath__42: 
logic__286: 
datapath__58: 
logic__146: 
reg__8: 
dsp48e1__9: 
datapath__68: 
reg__6: 
logic__185: 
logic__82: 
case__40: 
datapath__22: 
datapath__44: 
logic__173: 
case__51: 
logic__85: 
logic__131: 
logic__240: 
logic__67: 
datapath__63: 
case__34: 
logic__27: 
datapath__43: 
extrom: 
datapath__51: 
logic__121: 
logic__184: 
datapath__24: 
case__12: 
signinv: 
logic__163: 
logic__210: 
logic__189: 
case__50: 
datapath__46: 
